CREATE TABLE
psql:/Users/Netas/Projects/solidgate_funnel_pwa_boilerplate_2026_08_02/output/solidgate-audit-2026-09-14/fixes/legacy-upgrade-20260914T072853Z/20260914070652_financial_event_ledger.sql:36: NOTICE:  column "first_captured_at_source" of relation "solidgate_payment_balances" already exists, skipping
ALTER TABLE
psql:/Users/Netas/Projects/solidgate_funnel_pwa_boilerplate_2026_08_02/output/solidgate-audit-2026-09-14/fixes/legacy-upgrade-20260914T072853Z/20260914070652_financial_event_ledger.sql:37: NOTICE:  column "capture_evidence_source" of relation "solidgate_payment_balances" already exists, skipping
ALTER TABLE
CREATE INDEX
CREATE INDEX
CREATE TABLE
CREATE INDEX
CREATE INDEX
ALTER TABLE
ALTER TABLE
REVOKE
GRANT
GRANT
CREATE FUNCTION
psql:/Users/Netas/Projects/solidgate_funnel_pwa_boilerplate_2026_08_02/output/solidgate-audit-2026-09-14/fixes/legacy-upgrade-20260914T072853Z/20260914070652_financial_event_ledger.sql:84: NOTICE:  trigger "solidgate_financial_movements_immutable" for relation "public.solidgate_financial_movements" does not exist, skipping
DROP TRIGGER
CREATE TRIGGER
REVOKE
CREATE TABLE
ALTER TABLE
REVOKE
GRANT
psql:/Users/Netas/Projects/solidgate_funnel_pwa_boilerplate_2026_08_02/output/solidgate-audit-2026-09-14/fixes/legacy-upgrade-20260914T072853Z/20260914070652_financial_event_ledger.sql:104: NOTICE:  trigger "solidgate_capture_transactions_immutable" for relation "public.solidgate_capture_transactions" does not exist, skipping
DROP TRIGGER
CREATE TRIGGER
CREATE FUNCTION
REVOKE
GRANT
CREATE TABLE
CREATE TABLE
CREATE INDEX
ALTER TABLE
ALTER TABLE
REVOKE
GRANT
GRANT
psql:/Users/Netas/Projects/solidgate_funnel_pwa_boilerplate_2026_08_02/output/solidgate-audit-2026-09-14/fixes/legacy-upgrade-20260914T072853Z/20260914070652_financial_event_ledger.sql:447: NOTICE:  trigger "solidgate_subscription_history_immutable" for relation "public.solidgate_subscription_history" does not exist, skipping
DROP TRIGGER
CREATE TRIGGER
CREATE FUNCTION
REVOKE
GRANT
CREATE FUNCTION
REVOKE
GRANT
CREATE FUNCTION
REVOKE
GRANT
CREATE FUNCTION
CREATE FUNCTION
CREATE FUNCTION
CREATE FUNCTION
CREATE FUNCTION
CREATE FUNCTION
INSERT 0 4
INSERT 0 4
INSERT 0 8
CREATE FUNCTION
REVOKE
GRANT
psql:/Users/Netas/Projects/solidgate_funnel_pwa_boilerplate_2026_08_02/output/solidgate-audit-2026-09-14/fixes/legacy-upgrade-20260914T072853Z/20260914070652_financial_event_ledger.sql:2010: NOTICE:  trigger "solidgate_confirmed_capture_ledger" for relation "public.orders" does not exist, skipping
DROP TRIGGER
CREATE TRIGGER
CREATE VIEW
REVOKE
GRANT
CREATE FUNCTION
