psql:/Users/Netas/Projects/solidgate_funnel_pwa_boilerplate_2026_08_02/output/solidgate-audit-2026-09-14/fixes/legacy-upgrade-20260914T072853Z/legacy-upgrade-assert.sql:72: NOTICE:  LEGACY POPULATED UPGRADE PASSED: 8 payments, captured 25600, refunded 7800, chargeback 6400, net 11400 cents; estimated provenance and idempotence verified
DO
                  jsonb_pretty                   
-------------------------------------------------
 {                                              +
     "rows": [                                  +
         {                                      +
             "day": "2026-08-01",               +
             "currency": "usd",                 +
             "payments": 4,                     +
             "net_cents": 800,                  +
             "billing_type": "initial",         +
             "product_slug": "BRAND_000000_SUB",+
             "captured_cents": 2000,            +
             "refunded_cents": 700,             +
             "chargeback_cents": 500            +
         },                                     +
         {                                      +
             "day": "2026-09-01",               +
             "currency": "usd",                 +
             "payments": 1,                     +
             "net_cents": 5900,                 +
             "billing_type": "renewal",         +
             "product_slug": "BRAND_000000_SUB",+
             "captured_cents": 5900,            +
             "refunded_cents": 0,               +
             "chargeback_cents": 0              +
         },                                     +
         {                                      +
             "day": "2026-09-02",               +
             "currency": "usd",                 +
             "payments": 1,                     +
             "net_cents": 4700,                 +
             "billing_type": "renewal",         +
             "product_slug": "BRAND_000000_SUB",+
             "captured_cents": 5900,            +
             "refunded_cents": 1200,            +
             "chargeback_cents": 0              +
         },                                     +
         {                                      +
             "day": "2026-09-03",               +
             "currency": "usd",                 +
             "payments": 1,                     +
             "net_cents": 0,                    +
             "billing_type": "renewal",         +
             "product_slug": "BRAND_000000_SUB",+
             "captured_cents": 5900,            +
             "refunded_cents": 5900,            +
             "chargeback_cents": 0              +
         },                                     +
         {                                      +
             "day": "2026-09-04",               +
             "currency": "usd",                 +
             "payments": 1,                     +
             "net_cents": 0,                    +
             "billing_type": "renewal",         +
             "product_slug": "BRAND_000000_SUB",+
             "captured_cents": 5900,            +
             "refunded_cents": 0,               +
             "chargeback_cents": 5900           +
         }                                      +
     ],                                         +
     "legacy_movements": 8,                     +
     "estimated_timing_movements": 8            +
 }
(1 row)

